
> ai-portfolio-village@0.1.0 build
> next build

▲ Next.js 16.2.9 (Turbopack)

  Creating an optimized production build ...
✓ Compiled successfully in 22.6s
  Running TypeScript ...
  Finished TypeScript in 44s ...
  Collecting page data using 13 workers ...
  Generating static pages using 13 workers (0/11) ...
  Generating static pages using 13 workers (2/11) 
  Generating static pages using 13 workers (5/11) 
  Generating static pages using 13 workers (8/11) 
✓ Generating static pages using 13 workers (11/11) in 2.4s
  Finalizing page optimization ...

Route (app)
┌ ○ /
├ ○ /_not-found
├ ○ /admin
├ ƒ /api/props
├ ○ /atelier
├ ƒ /commission/[token]
├ ○ /island
├ ○ /resume
├ ○ /sueo-preview
├ ○ /test-model
└ ○ /village


○  (Static)   prerendered as static content
ƒ  (Dynamic)  server-rendered on demand

